	Command being timed: "/home/caii/vcc2026-rds-audit/env/bin/Rscript --vanilla /home/caii/vcc2026-rds-audit/audit_jiang_rds.R /mnt/e/vcc2026-data/raw/jiang_tgfb.rds /home/caii/vcc2026-rds-audit/jiang /home/caii/vcc2026-run/protocol.json"
	User time (seconds): 70.40
	System time (seconds): 13.46
	Percent of CPU this job got: 78%
	Elapsed (wall clock) time (h:mm:ss or m:ss): 1:46.63
	Average shared text size (kbytes): 0
	Average unshared data size (kbytes): 0
	Average stack size (kbytes): 0
	Average total size (kbytes): 0
	Maximum resident set size (kbytes): 17153456
	Average resident set size (kbytes): 0
	Major (requiring I/O) page faults: 235
	Minor (reclaiming a frame) page faults: 2307896
	Voluntary context switches: 161622
	Involuntary context switches: 252
	Swaps: 0
	File system inputs: 52112
	File system outputs: 15280
	Socket messages sent: 0
	Socket messages received: 0
	Signals delivered: 0
	Page size (bytes): 4096
	Exit status: 0
