	Command being timed: "/home/caii/vcc2026-run/.submit-venv/bin/vcc --json prep /home/caii/vcc2026-reliability-20260926/submission/counts-float32.h5ad --genes /home/caii/vcc2026-run/controls/gene_names.csv --perts /home/caii/vcc2026-run/controls/pert_counts.csv --output /home/caii/vcc2026-reliability-20260926/submission/prediction.vcc --require-counts --verify-targets --check-cell-counts --reject-controls --dry-run"
	User time (seconds): 68.71
	System time (seconds): 18.07
	Percent of CPU this job got: 96%
	Elapsed (wall clock) time (h:mm:ss or m:ss): 1:30.12
	Average shared text size (kbytes): 0
	Average unshared data size (kbytes): 0
	Average stack size (kbytes): 0
	Average total size (kbytes): 0
	Maximum resident set size (kbytes): 18502056
	Average resident set size (kbytes): 0
	Major (requiring I/O) page faults: 721
	Minor (reclaiming a frame) page faults: 4553779
	Voluntary context switches: 23165
	Involuntary context switches: 8170
	Swaps: 0
	File system inputs: 743576
	File system outputs: 0
	Socket messages sent: 0
	Socket messages received: 0
	Signals delivered: 0
	Page size (bytes): 4096
	Exit status: 0
