	Command being timed: "/home/caii/vcc2026-run/.submit-venv/bin/vcc --json prep /home/caii/vcc2026-effect-calibration-20260926/submission/counts-float32.h5ad --genes /home/caii/vcc2026-run/controls/gene_names.csv --perts /home/caii/vcc2026-run/controls/pert_counts.csv --output /home/caii/vcc2026-effect-calibration-20260926/submission/prediction.vcc --require-counts --verify-targets --check-cell-counts --reject-controls --dry-run"
	User time (seconds): 69.74
	System time (seconds): 17.72
	Percent of CPU this job got: 96%
	Elapsed (wall clock) time (h:mm:ss or m:ss): 1:31.09
	Average shared text size (kbytes): 0
	Average unshared data size (kbytes): 0
	Average stack size (kbytes): 0
	Average total size (kbytes): 0
	Maximum resident set size (kbytes): 18510160
	Average resident set size (kbytes): 0
	Major (requiring I/O) page faults: 1547
	Minor (reclaiming a frame) page faults: 4364851
	Voluntary context switches: 24331
	Involuntary context switches: 8185
	Swaps: 0
	File system inputs: 784424
	File system outputs: 0
	Socket messages sent: 0
	Socket messages received: 0
	Signals delivered: 0
	Page size (bytes): 4096
	Exit status: 0
