	Command being timed: "/home/caii/vcc2026-run/.submit-venv/bin/vcc --json prep /home/caii/vcc2026-effect-calibration-20260926/submission/counts-float32.h5ad --genes /home/caii/vcc2026-run/controls/gene_names.csv --perts /home/caii/vcc2026-run/controls/pert_counts.csv --output /home/caii/vcc2026-effect-calibration-20260926/submission/prediction.vcc --require-counts --verify-targets --check-cell-counts --reject-controls"
	User time (seconds): 379.18
	System time (seconds): 65.78
	Percent of CPU this job got: 294%
	Elapsed (wall clock) time (h:mm:ss or m:ss): 2:31.26
	Average shared text size (kbytes): 0
	Average unshared data size (kbytes): 0
	Average stack size (kbytes): 0
	Average total size (kbytes): 0
	Maximum resident set size (kbytes): 18430192
	Average resident set size (kbytes): 0
	Major (requiring I/O) page faults: 40020
	Minor (reclaiming a frame) page faults: 1399000
	Voluntary context switches: 105474
	Involuntary context switches: 5795
	Swaps: 0
	File system inputs: 42014184
	File system outputs: 45323288
	Socket messages sent: 0
	Socket messages received: 0
	Signals delivered: 0
	Page size (bytes): 4096
	Exit status: 0
